AR register_file behavioral C:/Users/home/Desktop/tempp/register_file.vhd sub00/vhpl03 1610981782
EN data_memory NULL C:/Users/home/Desktop/tempp/data_memory.vhd sub00/vhpl14 1610981793
AR mux behavioral C:/Users/home/Desktop/tempp/MUX.vhd sub00/vhpl09 1610981788
AR imem behavioral C:/Users/home/Desktop/MIPS_processor-master/new/IMem.vhd sub00/vhpl13 1611084192
EN mux5 NULL C:/Users/home/Desktop/tempp/MUX5.vhd sub00/vhpl06 1610981785
EN alu_control NULL C:/Users/home/Desktop/MIPS_processor-master/new/ALUControl.vhd sub00/vhpl18 1611084138
EN imem NULL C:/Users/home/Desktop/MIPS_processor-master/new/IMem.vhd sub00/vhpl12 1611084191
AR pca behavioral C:/Users/home/Desktop/tempp/PCA.vhd sub00/vhpl05 1610981784
EN pc NULL C:/Users/home/Desktop/tempp/programcounter.vhd sub00/vhpl00 1610981777
AR alu_control behavioral C:/Users/home/Desktop/MIPS_processor-master/new/ALUControl.vhd sub00/vhpl19 1611084139
AR data_memory behavioral C:/Users/home/Desktop/tempp/data_memory.vhd sub00/vhpl15 1610981794
EN register_file NULL C:/Users/home/Desktop/tempp/register_file.vhd sub00/vhpl02 1610981781
EN jump_adder NULL C:/Users/home/Desktop/tempp/jump_adder.vhd sub00/vhpl10 1610981789
EN pca NULL C:/Users/home/Desktop/tempp/PCA.vhd sub00/vhpl04 1610981783
AR sign_extend behavioral C:/Users/home/Desktop/tempp/sign_extend.vhd sub00/vhpl23 1610981780
AR mux5 behavioral C:/Users/home/Desktop/tempp/MUX5.vhd sub00/vhpl07 1610981786
EN control NULL C:/Users/home/Desktop/tempp/Control.vhd sub00/vhpl16 1610981795
EN sign_extend NULL C:/Users/home/Desktop/tempp/sign_extend.vhd sub00/vhpl22 1610981779
EN mux NULL C:/Users/home/Desktop/tempp/MUX.vhd sub00/vhpl08 1610981787
AR alu behavioral C:/Users/home/Desktop/tempp/ALU.vhd sub00/vhpl21 1610981800
AR control behavioral C:/Users/home/Desktop/tempp/Control.vhd sub00/vhpl17 1610981796
AR pc behavioral C:/Users/home/Desktop/tempp/programcounter.vhd sub00/vhpl01 1610981778
AR jump_adder behavioral C:/Users/home/Desktop/tempp/jump_adder.vhd sub00/vhpl11 1610981790
EN alu NULL C:/Users/home/Desktop/tempp/ALU.vhd sub00/vhpl20 1610981799
