V3 3
FL "E:/Xilinx/Computer Architecture Lab/Project/IM/IM.vhd" 2021/01/13.20:34:34 P.20131013
EN work/IM 1610557771 FL "E:/Xilinx/Computer Architecture Lab/Project/IM/IM.vhd" \
      PB ieee/std_logic_1164 1381692176 PB ieee/NUMERIC_STD 1381692181 \
      PB std/TEXTIO 1381692176
AR work/IM/Behavioral 1610557772 \
      FL "E:/Xilinx/Computer Architecture Lab/Project/IM/IM.vhd" EN work/IM 1610557771
