V3 3
FL "E:/Xilinx/Computer Architecture Lab/Project/CTL/CTL.vhd" 2021/01/13.22:32:39 P.20131013
EN work/CTL 1610564574 \
      FL "E:/Xilinx/Computer Architecture Lab/Project/CTL/CTL.vhd" \
      PB ieee/std_logic_1164 1381692176
AR work/CTL/Behavioral 1610564575 \
      FL "E:/Xilinx/Computer Architecture Lab/Project/CTL/CTL.vhd" EN work/CTL 1610564574
