AR mux_2to1_5bits behavioral C:/Users/home/Desktop/Project/k/Mux_2to1_5bits.vhd sub00/vhpl21 1610997963
AR register_file behavioral C:/Users/home/Desktop/Project/k/Register_File.vhd sub00/vhpl23 1610997965
AR mips behavioral C:/Users/home/Desktop/Project/k/DataPath.vhd sub00/vhpl31 1610997973
EN aludecoder NULL C:/Users/home/Desktop/Project/k/ALUdecoder.vhd sub00/vhpl10 1610997952
AR zero_extend behavioral C:/Users/home/Desktop/Project/k/zero_extend.vhd sub00/vhpl05 1610997947
EN corrimiento NULL C:/Users/home/Desktop/Project/k/corrimiento.vhd sub00/vhpl28 1610997970
EN instruction_memory NULL C:/Users/home/Desktop/Project/k/Instruction_Memory.vhd sub00/vhpl16 1610997958
AR signextend behavioral C:/Users/home/Desktop/Project/k/SignExtend.vhd sub00/vhpl27 1610997969
EN mux_2to1_32b NULL C:/Users/home/Desktop/Project/k/Mux_2to1_32b.vhd sub00/vhpl00 1610997942
EN mux_4_32b NULL C:/Users/home/Desktop/Project/k/mux_4_32b.vhd sub00/vhpl06 1610997948
AR aludecoder behavioral C:/Users/home/Desktop/Project/k/ALUdecoder.vhd sub00/vhpl11 1610997953
EN pc NULL C:/Users/home/Desktop/Project/k/PC.vhd sub00/vhpl14 1610997956
EN alu_suma NULL C:/Users/home/Desktop/Project/k/ALU_suma.vhd sub00/vhpl18 1610997960
EN zero_extend NULL C:/Users/home/Desktop/Project/k/zero_extend.vhd sub00/vhpl04 1610997946
EN mux_2to1_5bits NULL C:/Users/home/Desktop/Project/k/Mux_2to1_5bits.vhd sub00/vhpl20 1610997962
EN register_file NULL C:/Users/home/Desktop/Project/k/Register_File.vhd sub00/vhpl22 1610997964
AR corrimiento behavioral C:/Users/home/Desktop/Project/k/corrimiento.vhd sub00/vhpl29 1610997971
AR alu_suma behavioral C:/Users/home/Desktop/Project/k/ALU_suma.vhd sub00/vhpl19 1610997961
AR maindecoder behavioral C:/Users/home/Desktop/Project/k/MainDecoder.vhd sub00/vhpl09 1610997951
AR alu_sum_res behavioral C:/Users/home/Desktop/Project/k/alu_sum_res.vhd sub00/vhpl03 1610997945
EN alu_sum_res NULL C:/Users/home/Desktop/Project/k/alu_sum_res.vhd sub00/vhpl02 1610997944
AR mux_4_32b behavioral C:/Users/home/Desktop/Project/k/mux_4_32b.vhd sub00/vhpl07 1610997949
EN mips NULL C:/Users/home/Desktop/Project/k/DataPath.vhd sub00/vhpl30 1610997972
EN controlunit NULL C:/Users/home/Desktop/Project/k/ControlUnit.vhd sub00/vhpl12 1610997954
AR alu behavioral C:/Users/home/Desktop/Project/k/ALU.vhd sub00/vhpl25 1610997967
EN maindecoder NULL C:/Users/home/Desktop/Project/k/MainDecoder.vhd sub00/vhpl08 1610997950
AR pc behavioral C:/Users/home/Desktop/Project/k/PC.vhd sub00/vhpl15 1610997957
AR mux_2to1_32b behavioral C:/Users/home/Desktop/Project/k/Mux_2to1_32b.vhd sub00/vhpl01 1610997943
AR instruction_memory behavioral C:/Users/home/Desktop/Project/k/Instruction_Memory.vhd sub00/vhpl17 1610997959
AR controlunit behavioral C:/Users/home/Desktop/Project/k/ControlUnit.vhd sub00/vhpl13 1610997955
EN alu NULL C:/Users/home/Desktop/Project/k/ALU.vhd sub00/vhpl24 1610997966
EN signextend NULL C:/Users/home/Desktop/Project/k/SignExtend.vhd sub00/vhpl26 1610997968
