V3 63
FL C:/Users/home/Desktop/Project/k/ALU.vhd 2021/01/18.09:57:14 P.20131013
EN work/ALU 1610997966 FL C:/Users/home/Desktop/Project/k/ALU.vhd \
      PB ieee/std_logic_1164 1381692176 PB ieee/NUMERIC_STD 1381692181
AR work/ALU/Behavioral 1610997967 \
      FL C:/Users/home/Desktop/Project/k/ALU.vhd EN work/ALU 1610997966 \
      CP Mux_2to1_32b CP alu_sum_res CP zero_extend CP mux_4_32b
FL C:/Users/home/Desktop/Project/k/ALUdecoder.vhd 2021/01/18.10:10:59 P.20131013
EN work/ALUdecoder 1610997952 FL C:/Users/home/Desktop/Project/k/ALUdecoder.vhd \
      PB ieee/std_logic_1164 1381692176
AR work/ALUdecoder/Behavioral 1610997953 \
      FL C:/Users/home/Desktop/Project/k/ALUdecoder.vhd EN work/ALUdecoder 1610997952
FL C:/Users/home/Desktop/Project/k/ALU_suma.vhd 2021/01/18.11:25:22 P.20131013
EN work/ALU_suma 1610997960 FL C:/Users/home/Desktop/Project/k/ALU_suma.vhd \
      PB ieee/std_logic_1164 1381692176 PB ieee/STD_LOGIC_UNSIGNED 1381692179
AR work/ALU_suma/Behavioral 1610997961 \
      FL C:/Users/home/Desktop/Project/k/ALU_suma.vhd EN work/ALU_suma 1610997960
FL C:/Users/home/Desktop/Project/k/alu_sum_res.vhd 2021/01/18.10:10:59 P.20131013
EN work/alu_sum_res 1610997944 \
      FL C:/Users/home/Desktop/Project/k/alu_sum_res.vhd PB ieee/std_logic_1164 1381692176 \
      PB ieee/STD_LOGIC_UNSIGNED 1381692179
AR work/alu_sum_res/Behavioral 1610997945 \
      FL C:/Users/home/Desktop/Project/k/alu_sum_res.vhd EN work/alu_sum_res 1610997944
FL C:/Users/home/Desktop/Project/k/ControlUnit.vhd 2021/01/18.10:10:58 P.20131013
EN work/ControlUnit 1610997954 \
      FL C:/Users/home/Desktop/Project/k/ControlUnit.vhd PB ieee/std_logic_1164 1381692176
AR work/ControlUnit/Behavioral 1610997955 \
      FL C:/Users/home/Desktop/Project/k/ControlUnit.vhd EN work/ControlUnit 1610997954 \
      CP MainDecoder CP ALUdecoder
FL C:/Users/home/Desktop/Project/k/corrimiento.vhd 2021/01/18.10:10:59 P.20131013
EN work/corrimiento 1610997970 \
      FL C:/Users/home/Desktop/Project/k/corrimiento.vhd PB ieee/std_logic_1164 1381692176
AR work/corrimiento/Behavioral 1610997971 \
      FL C:/Users/home/Desktop/Project/k/corrimiento.vhd EN work/corrimiento 1610997970
FL C:/Users/home/Desktop/Project/k/DataPath.vhd 2021/01/18.10:01:42 P.20131013
EN work/MIPS 1610997972 FL C:/Users/home/Desktop/Project/k/DataPath.vhd \
      PB ieee/std_logic_1164 1381692176
AR work/MIPS/Behavioral 1610997973 \
      FL C:/Users/home/Desktop/Project/k/DataPath.vhd EN work/MIPS 1610997972 \
      CP ControlUnit CP PC CP Instruction_Memory CP ALU_suma CP Mux_2to1_5bits \
      CP Register_File CP ALU CP SignExtend CP Mux_2to1_32b CP corrimiento
FL C:/Users/home/Desktop/Project/k/Instruction_Memory.vhd 2021/01/18.10:10:58 P.20131013
EN work/Instruction_Memory 1610997958 \
      FL C:/Users/home/Desktop/Project/k/Instruction_Memory.vhd \
      PB ieee/std_logic_1164 1381692176 PB ieee/std_logic_arith 1381692177 \
      PB ieee/STD_LOGIC_UNSIGNED 1381692179
AR work/Instruction_Memory/Behavioral 1610997959 \
      FL C:/Users/home/Desktop/Project/k/Instruction_Memory.vhd \
      EN work/Instruction_Memory 1610997958
FL C:/Users/home/Desktop/Project/k/MainDecoder.vhd 2021/01/18.10:10:59 P.20131013
EN work/MainDecoder 1610997950 \
      FL C:/Users/home/Desktop/Project/k/MainDecoder.vhd PB ieee/std_logic_1164 1381692176 \
      PB ieee/NUMERIC_STD 1381692181
AR work/MainDecoder/Behavioral 1610997951 \
      FL C:/Users/home/Desktop/Project/k/MainDecoder.vhd EN work/MainDecoder 1610997950
FL C:/Users/home/Desktop/Project/k/Mux_2to1_32b.vhd 2021/01/18.10:10:54 P.20131013
EN work/Mux_2to1_32b 1610997942 \
      FL C:/Users/home/Desktop/Project/k/Mux_2to1_32b.vhd PB ieee/std_logic_1164 1381692176
AR work/Mux_2to1_32b/Behavioral 1610997943 \
      FL C:/Users/home/Desktop/Project/k/Mux_2to1_32b.vhd EN work/Mux_2to1_32b 1610997942
FL C:/Users/home/Desktop/Project/k/Mux_2to1_5bits.vhd 2021/01/18.09:56:43 P.20131013
EN work/Mux_2to1_5bits 1610997962 \
      FL C:/Users/home/Desktop/Project/k/Mux_2to1_5bits.vhd \
      PB ieee/std_logic_1164 1381692176
AR work/Mux_2to1_5bits/Behavioral 1610997963 \
      FL C:/Users/home/Desktop/Project/k/Mux_2to1_5bits.vhd \
      EN work/Mux_2to1_5bits 1610997962
FL C:/Users/home/Desktop/Project/k/mux_4_32b.vhd 2021/01/18.10:10:59 P.20131013
EN work/mux_4_32b 1610997948 FL C:/Users/home/Desktop/Project/k/mux_4_32b.vhd \
      PB ieee/std_logic_1164 1381692176
AR work/mux_4_32b/Behavioral 1610997949 \
      FL C:/Users/home/Desktop/Project/k/mux_4_32b.vhd EN work/mux_4_32b 1610997948
FL C:/Users/home/Desktop/Project/k/PC.vhd 2021/01/18.10:10:58 P.20131013
EN work/PC 1610997956 FL C:/Users/home/Desktop/Project/k/PC.vhd \
      PB ieee/std_logic_1164 1381692176
AR work/PC/Behavioral 1610997957 \
      FL C:/Users/home/Desktop/Project/k/PC.vhd EN work/PC 1610997956
FL C:/Users/home/Desktop/Project/k/Register_File.vhd 2021/01/18.10:10:58 P.20131013
EN work/Register_File 1610997964 \
      FL C:/Users/home/Desktop/Project/k/Register_File.vhd \
      PB ieee/std_logic_1164 1381692176 PB ieee/std_logic_arith 1381692177 \
      PB ieee/STD_LOGIC_UNSIGNED 1381692179
AR work/Register_File/Behavioral 1610997965 \
      FL C:/Users/home/Desktop/Project/k/Register_File.vhd EN work/Register_File 1610997964
FL C:/Users/home/Desktop/Project/k/SignExtend.vhd 2021/01/18.10:10:59 P.20131013
EN work/SignExtend 1610997968 FL C:/Users/home/Desktop/Project/k/SignExtend.vhd \
      PB ieee/std_logic_1164 1381692176
AR work/SignExtend/Behavioral 1610997969 \
      FL C:/Users/home/Desktop/Project/k/SignExtend.vhd EN work/SignExtend 1610997968
FL C:/Users/home/Desktop/Project/k/zero_extend.vhd 2021/01/18.10:07:18 P.20131013
EN work/zero_extend 1610997946 \
      FL C:/Users/home/Desktop/Project/k/zero_extend.vhd PB ieee/NUMERIC_STD 1381692181 \
      PB ieee/std_logic_1164 1381692176
AR work/zero_extend/Behavioral 1610997947 \
      FL C:/Users/home/Desktop/Project/k/zero_extend.vhd EN work/zero_extend 1610997946
