V3 3
FL "E:/Xilinx/Computer Architecture Lab/Project/EXT/EXT.vhd" 2021/01/14.00:07:57 P.20131013
EN work/EXT 1610570280 \
      FL "E:/Xilinx/Computer Architecture Lab/Project/EXT/EXT.vhd" \
      PB ieee/std_logic_1164 1381692176
AR work/EXT/Behavioral 1610570281 \
      FL "E:/Xilinx/Computer Architecture Lab/Project/EXT/EXT.vhd" EN work/EXT 1610570280
