V3 4
FL C:/Users/home/Desktop/temp/CtrlFSM/CtrlFSM.vhd 2021/01/14.06:15:27 P.20131013
EN work/CtrlFSM 1610967207 FL C:/Users/home/Desktop/temp/CtrlFSM/CtrlFSM.vhd \
      PB ieee/std_logic_1164 1381692176
AR work/CtrlFSM/Behavioral 1610967208 \
      FL C:/Users/home/Desktop/temp/CtrlFSM/CtrlFSM.vhd EN work/CtrlFSM 1610967207
FL "E:/Xilinx/Computer Architecture Lab/Project/CtrlFSM/CtrlFSM.vhd" 2021/01/14.17:45:27 P.20131013
