AR reg behavioral "D:/Downloads/Uni Term 10/CoDes/Tamrin/CoDes_Project_Ghadimi_Hendiyani/REG.vhd" sub00/vhpl01 1656690056
EN busc NULL "D:/Downloads/Uni Term 10/CoDes/Tamrin/CoDes_Project_Ghadimi_Hendiyani/BUSC.vhd" sub00/vhpl06 1656690043
EN mux4 NULL "D:/Downloads/Uni Term 10/CoDes/Tamrin/CoDes_Project_Ghadimi_Hendiyani/MUX4.vhd" sub00/vhpl10 1656690051
AR mux4 behavioral "D:/Downloads/Uni Term 10/CoDes/Tamrin/CoDes_Project_Ghadimi_Hendiyani/MUX4.vhd" sub00/vhpl11 1656690052
AR busc behavioral "D:/Downloads/Uni Term 10/CoDes/Tamrin/CoDes_Project_Ghadimi_Hendiyani/BUSC.vhd" sub00/vhpl07 1656690044
EN mem NULL "D:/Downloads/Uni Term 10/CoDes/Tamrin/CoDes_Project_Ghadimi_Hendiyani/MEM.vhd" sub00/vhpl12 1656690049
EN ir NULL "D:/Downloads/Uni Term 10/CoDes/Tamrin/CoDes_Project_Ghadimi_Hendiyani/IR.vhd" sub00/vhpl02 1656690047
EN cpu NULL "D:/Downloads/Uni Term 10/CoDes/Tamrin/CoDes_Project_Ghadimi_Hendiyani/CPU.vhd" sub00/vhpl16 1656690057
EN pc NULL "D:/Downloads/Uni Term 10/CoDes/Tamrin/CoDes_Project_Ghadimi_Hendiyani/PC.vhd" sub00/vhpl04 1656690053
AR cpu behavioral "D:/Downloads/Uni Term 10/CoDes/Tamrin/CoDes_Project_Ghadimi_Hendiyani/CPU.vhd" sub00/vhpl17 1656690058
AR controlunit controlunit "D:/Downloads/Uni Term 10/CoDes/Tamrin/CoDes_Project_Ghadimi_Hendiyani/ControlUnit.vhd" sub00/vhpl15 1656690046
AR ir behavioral "D:/Downloads/Uni Term 10/CoDes/Tamrin/CoDes_Project_Ghadimi_Hendiyani/IR.vhd" sub00/vhpl03 1656690048
AR mem behavioral "D:/Downloads/Uni Term 10/CoDes/Tamrin/CoDes_Project_Ghadimi_Hendiyani/MEM.vhd" sub00/vhpl13 1656690050
EN controlunit NULL "D:/Downloads/Uni Term 10/CoDes/Tamrin/CoDes_Project_Ghadimi_Hendiyani/ControlUnit.vhd" sub00/vhpl14 1656690045
AR alu behavioral "D:/Downloads/Uni Term 10/CoDes/Tamrin/CoDes_Project_Ghadimi_Hendiyani/ALU.vhd" sub00/vhpl09 1656690042
AR pc behavioral "D:/Downloads/Uni Term 10/CoDes/Tamrin/CoDes_Project_Ghadimi_Hendiyani/PC.vhd" sub00/vhpl05 1656690054
EN reg NULL "D:/Downloads/Uni Term 10/CoDes/Tamrin/CoDes_Project_Ghadimi_Hendiyani/REG.vhd" sub00/vhpl00 1656690055
EN alu NULL "D:/Downloads/Uni Term 10/CoDes/Tamrin/CoDes_Project_Ghadimi_Hendiyani/ALU.vhd" sub00/vhpl08 1656690041
