AR mux_2to1_5bits behavioral C:/Users/home/Desktop/temp/MRH/Mux_2to1_5bits.vhd sub00/vhpl21 1611098226
AR register_file behavioral C:/Users/home/Desktop/temp/MRH/Register_File.vhd sub00/vhpl23 1611098228
AR mips behavioral C:/Users/home/Desktop/temp/MRH/DataPath.vhd sub00/vhpl31 1611098236
EN aludecoder NULL C:/Users/home/Desktop/temp/MRH/ALUdecoder.vhd sub00/vhpl10 1611098215
AR zero_extend behavioral C:/Users/home/Desktop/temp/MRH/zero_extend.vhd sub00/vhpl05 1611099603
EN corrimiento NULL C:/Users/home/Desktop/temp/MRH/corrimiento.vhd sub00/vhpl28 1611100320
EN instruction_memory NULL C:/Users/home/Desktop/temp/MRH/Instruction_Memory.vhd sub00/vhpl16 1611100314
AR signextend behavioral C:/Users/home/Desktop/temp/MRH/SignExtend.vhd sub00/vhpl27 1611100319
EN mux_2to1_32b NULL C:/Users/home/Desktop/temp/MRH/Mux_2to1_32b.vhd sub00/vhpl00 1611099598
EN mux_4_32b NULL C:/Users/home/Desktop/temp/MRH/mux_4_32b.vhd sub00/vhpl06 1611099604
AR aludecoder behavioral C:/Users/home/Desktop/temp/MRH/ALUdecoder.vhd sub00/vhpl11 1611098216
EN pc NULL C:/Users/home/Desktop/temp/MRH/PC.vhd sub00/vhpl14 1611098219
EN alu_suma NULL C:/Users/home/Desktop/temp/MRH/ALU_suma.vhd sub00/vhpl18 1611100316
EN zero_extend NULL C:/Users/home/Desktop/temp/MRH/zero_extend.vhd sub00/vhpl04 1611099602
EN mux_2to1_5bits NULL C:/Users/home/Desktop/temp/MRH/Mux_2to1_5bits.vhd sub00/vhpl20 1611098225
EN register_file NULL C:/Users/home/Desktop/temp/MRH/Register_File.vhd sub00/vhpl22 1611098227
AR corrimiento behavioral C:/Users/home/Desktop/temp/MRH/corrimiento.vhd sub00/vhpl29 1611100321
AR alu_suma behavioral C:/Users/home/Desktop/temp/MRH/ALU_suma.vhd sub00/vhpl19 1611100317
AR maindecoder behavioral C:/Users/home/Desktop/temp/MRH/MainDecoder.vhd sub00/vhpl09 1611098214
AR alu_sum_res behavioral C:/Users/home/Desktop/temp/MRH/alu_sum_res.vhd sub00/vhpl03 1611099601
EN alu_sum_res NULL C:/Users/home/Desktop/temp/MRH/alu_sum_res.vhd sub00/vhpl02 1611099600
AR mux_4_32b behavioral C:/Users/home/Desktop/temp/MRH/mux_4_32b.vhd sub00/vhpl07 1611099605
EN mips NULL C:/Users/home/Desktop/temp/MRH/DataPath.vhd sub00/vhpl30 1611100322
EN controlunit NULL C:/Users/home/Desktop/temp/MRH/ControlUnit.vhd sub00/vhpl12 1611098217
AR alu behavioral C:/Users/home/Desktop/temp/MRH/ALU.vhd sub00/vhpl25 1611099611
EN maindecoder NULL C:/Users/home/Desktop/temp/MRH/MainDecoder.vhd sub00/vhpl08 1611098213
AR pc behavioral C:/Users/home/Desktop/temp/MRH/PC.vhd sub00/vhpl15 1611098220
AR mux_2to1_32b behavioral C:/Users/home/Desktop/temp/MRH/Mux_2to1_32b.vhd sub00/vhpl01 1611099599
AR instruction_memory behavioral C:/Users/home/Desktop/temp/MRH/Instruction_Memory.vhd sub00/vhpl17 1611100315
AR controlunit behavioral C:/Users/home/Desktop/temp/MRH/ControlUnit.vhd sub00/vhpl13 1611098218
EN alu NULL C:/Users/home/Desktop/temp/MRH/ALU.vhd sub00/vhpl24 1611099610
EN signextend NULL C:/Users/home/Desktop/temp/MRH/SignExtend.vhd sub00/vhpl26 1611100318
