V3 59
FL C:/Users/home/Desktop/temp/MRH/ALU.vhd 2021/01/18.09:57:14 P.20131013
EN work/ALU 1611099610 FL C:/Users/home/Desktop/temp/MRH/ALU.vhd \
      PB ieee/std_logic_1164 1381692176 PB ieee/NUMERIC_STD 1381692181
AR work/ALU/Behavioral 1611099611 \
      FL C:/Users/home/Desktop/temp/MRH/ALU.vhd EN work/ALU 1611099610 \
      CP Mux_2to1_32b CP alu_sum_res CP zero_extend CP mux_4_32b
FL C:/Users/home/Desktop/temp/MRH/ALUdecoder.vhd 2021/01/18.10:10:59 P.20131013
EN work/ALUdecoder 1611098215 FL C:/Users/home/Desktop/temp/MRH/ALUdecoder.vhd \
      PB ieee/std_logic_1164 1381692176
AR work/ALUdecoder/Behavioral 1611098216 \
      FL C:/Users/home/Desktop/temp/MRH/ALUdecoder.vhd EN work/ALUdecoder 1611098215
FL C:/Users/home/Desktop/temp/MRH/ALU_suma.vhd 2021/01/18.11:25:22 P.20131013
EN work/ALU_suma 1611100316 FL C:/Users/home/Desktop/temp/MRH/ALU_suma.vhd \
      PB ieee/std_logic_1164 1381692176 PB ieee/STD_LOGIC_UNSIGNED 1381692179
AR work/ALU_suma/Behavioral 1611100317 \
      FL C:/Users/home/Desktop/temp/MRH/ALU_suma.vhd EN work/ALU_suma 1611100316
FL C:/Users/home/Desktop/temp/MRH/alu_sum_res.vhd 2021/01/18.10:10:59 P.20131013
EN work/alu_sum_res 1611099600 FL C:/Users/home/Desktop/temp/MRH/alu_sum_res.vhd \
      PB ieee/std_logic_1164 1381692176 PB ieee/STD_LOGIC_UNSIGNED 1381692179
AR work/alu_sum_res/Behavioral 1611099601 \
      FL C:/Users/home/Desktop/temp/MRH/alu_sum_res.vhd EN work/alu_sum_res 1611099600
FL C:/Users/home/Desktop/temp/MRH/ControlUnit.vhd 2021/01/18.10:10:58 P.20131013
EN work/ControlUnit 1611098217 FL C:/Users/home/Desktop/temp/MRH/ControlUnit.vhd \
      PB ieee/std_logic_1164 1381692176
AR work/ControlUnit/Behavioral 1611098218 \
      FL C:/Users/home/Desktop/temp/MRH/ControlUnit.vhd EN work/ControlUnit 1611098217 \
      CP MainDecoder CP ALUdecoder
FL C:/Users/home/Desktop/temp/MRH/corrimiento.vhd 2021/01/18.12:16:01 P.20131013
EN work/corrimiento 1611100320 FL C:/Users/home/Desktop/temp/MRH/corrimiento.vhd \
      PB ieee/std_logic_1164 1381692176
AR work/corrimiento/Behavioral 1611100321 \
      FL C:/Users/home/Desktop/temp/MRH/corrimiento.vhd EN work/corrimiento 1611100320
FL C:/Users/home/Desktop/temp/MRH/DataPath.vhd 2021/01/19.15:16:39 P.20131013
EN work/MIPS 1611098235 FL C:/Users/home/Desktop/temp/MRH/DataPath.vhd \
      PB ieee/std_logic_1164 1381692176
AR work/MIPS/Behavioral 1611098236 \
      FL C:/Users/home/Desktop/temp/MRH/DataPath.vhd EN work/MIPS 1611098235 \
      CP Instruction_Memory CP ALU_suma CP ALU CP SignExtend CP Mux_2to1_32b \
      CP corrimiento
FL C:/Users/home/Desktop/temp/MRH/Instruction_Memory.vhd 2021/01/18.12:15:39 P.20131013
EN work/Instruction_Memory 1611100314 \
      FL C:/Users/home/Desktop/temp/MRH/Instruction_Memory.vhd \
      PB ieee/std_logic_1164 1381692176 PB ieee/std_logic_arith 1381692177 \
      PB ieee/STD_LOGIC_UNSIGNED 1381692179
AR work/Instruction_Memory/Behavioral 1611100315 \
      FL C:/Users/home/Desktop/temp/MRH/Instruction_Memory.vhd \
      EN work/Instruction_Memory 1611100314
FL C:/Users/home/Desktop/temp/MRH/MainDecoder.vhd 2021/01/18.10:10:59 P.20131013
EN work/MainDecoder 1611098213 FL C:/Users/home/Desktop/temp/MRH/MainDecoder.vhd \
      PB ieee/std_logic_1164 1381692176 PB ieee/NUMERIC_STD 1381692181
AR work/MainDecoder/Behavioral 1611098214 \
      FL C:/Users/home/Desktop/temp/MRH/MainDecoder.vhd EN work/MainDecoder 1611098213
FL C:/Users/home/Desktop/temp/MRH/Mux_2to1_32b.vhd 2021/01/18.10:10:54 P.20131013
EN work/Mux_2to1_32b 1611099598 \
      FL C:/Users/home/Desktop/temp/MRH/Mux_2to1_32b.vhd PB ieee/std_logic_1164 1381692176
AR work/Mux_2to1_32b/Behavioral 1611099599 \
      FL C:/Users/home/Desktop/temp/MRH/Mux_2to1_32b.vhd EN work/Mux_2to1_32b 1611099598
FL C:/Users/home/Desktop/temp/MRH/Mux_2to1_5bits.vhd 2021/01/18.09:56:43 P.20131013
EN work/Mux_2to1_5bits 1611098225 \
      FL C:/Users/home/Desktop/temp/MRH/Mux_2to1_5bits.vhd \
      PB ieee/std_logic_1164 1381692176
AR work/Mux_2to1_5bits/Behavioral 1611098226 \
      FL C:/Users/home/Desktop/temp/MRH/Mux_2to1_5bits.vhd \
      EN work/Mux_2to1_5bits 1611098225
FL C:/Users/home/Desktop/temp/MRH/mux_4_32b.vhd 2021/01/18.10:10:59 P.20131013
EN work/mux_4_32b 1611099604 FL C:/Users/home/Desktop/temp/MRH/mux_4_32b.vhd \
      PB ieee/std_logic_1164 1381692176
AR work/mux_4_32b/Behavioral 1611099605 \
      FL C:/Users/home/Desktop/temp/MRH/mux_4_32b.vhd EN work/mux_4_32b 1611099604
FL C:/Users/home/Desktop/temp/MRH/PC.vhd 2021/01/18.10:10:58 P.20131013
EN work/PC 1611098219 FL C:/Users/home/Desktop/temp/MRH/PC.vhd \
      PB ieee/std_logic_1164 1381692176
AR work/PC/Behavioral 1611098220 \
      FL C:/Users/home/Desktop/temp/MRH/PC.vhd EN work/PC 1611098219
FL C:/Users/home/Desktop/temp/MRH/Register_File.vhd 2021/01/18.10:10:58 P.20131013
EN work/Register_File 1611098227 \
      FL C:/Users/home/Desktop/temp/MRH/Register_File.vhd PB ieee/std_logic_1164 1381692176 \
      PB ieee/std_logic_arith 1381692177 PB ieee/STD_LOGIC_UNSIGNED 1381692179
AR work/Register_File/Behavioral 1611098228 \
      FL C:/Users/home/Desktop/temp/MRH/Register_File.vhd EN work/Register_File 1611098227
FL C:/Users/home/Desktop/temp/MRH/SignExtend.vhd 2021/01/18.12:10:29 P.20131013
EN work/SignExtend 1611100318 FL C:/Users/home/Desktop/temp/MRH/SignExtend.vhd \
      PB ieee/std_logic_1164 1381692176
AR work/SignExtend/Behavioral 1611100319 \
      FL C:/Users/home/Desktop/temp/MRH/SignExtend.vhd EN work/SignExtend 1611100318
FL C:/Users/home/Desktop/temp/MRH/zero_extend.vhd 2021/01/18.10:07:18 P.20131013
EN work/zero_extend 1611099602 FL C:/Users/home/Desktop/temp/MRH/zero_extend.vhd \
      PB ieee/NUMERIC_STD 1381692181 PB ieee/std_logic_1164 1381692176
AR work/zero_extend/Behavioral 1611099603 \
      FL C:/Users/home/Desktop/temp/MRH/zero_extend.vhd EN work/zero_extend 1611099602
