V3 3
FL "E:/Xilinx/Computer Architecture Lab/Project/ADD2/ADD2.vhd" 2021/01/14.01:30:15 P.20131013
EN work/ADD2 1610575218 \
      FL "E:/Xilinx/Computer Architecture Lab/Project/ADD2/ADD2.vhd" \
      PB ieee/std_logic_1164 1381692176 PB ieee/STD_LOGIC_UNSIGNED 1381692179
AR work/ADD2/Behavioral 1610575219 \
      FL "E:/Xilinx/Computer Architecture Lab/Project/ADD2/ADD2.vhd" EN work/ADD2 1610575218
