V3 4
FL C:/Users/home/Desktop/Project/ADD1/ADD1.vhd 2021/01/13.09:20:00 P.20131013
EN work/ADD1 1610891826 FL C:/Users/home/Desktop/Project/ADD1/ADD1.vhd \
      PB ieee/std_logic_1164 1381692176 PB ieee/STD_LOGIC_UNSIGNED 1381692179
AR work/ADD1/Behavioral 1610891827 \
      FL C:/Users/home/Desktop/Project/ADD1/ADD1.vhd EN work/ADD1 1610891826
FL "E:/Xilinx/Computer Architecture Lab/Project/ADD1/ADD1.vhd" 2021/01/13.20:50:00 P.20131013
